###############################################################################
#
# IAR ELF Linker V9.10.2.313/W64 for ARM                  23/Jul/2021  12:35:56
# Copyright 2007-2021 IAR Systems AB.
#
#    Output file  =  E:\MCP\Mock\application\project\Debug\Exe\app.out
#    Map file     =  E:\MCP\Mock\application\project\Debug\List\app.map
#    Command line =
#        -f E:\MCP\Mock\application\project\Debug\Exe\app.out.rsp
#        (E:\MCP\Mock\application\project\Debug\Obj\drivers\Clock.o
#        E:\MCP\Mock\application\project\Debug\Obj\source\main.o
#        E:\MCP\Mock\application\project\Debug\Obj\startup\startup_MKL46Z4.o
#        E:\MCP\Mock\application\project\Debug\Obj\startup\system_MKL46Z4.o
#        E:\MCP\Mock\application\project\Debug\Obj\drivers\UART0.o
#        --no_out_extension -o
#        E:\MCP\Mock\application\project\Debug\Exe\app.out --map
#        E:\MCP\Mock\application\project\Debug\List\app.map --config
#        E:\MCP\Mock\application\project\..\MKL46Z256xxx4.icf --semihosting
#        --entry __iar_program_start --vfe --text_out locale)
#
###############################################################################

*******************************************************************************
*** RUNTIME MODEL ATTRIBUTES
***

CppFlavor       = *
__SystemLibrary = DLib
__dlib_version  = 6


*******************************************************************************
*** HEAP SELECTION
***

The basic heap was selected because some modules are built with
size limitations (and not runtime checking), and --advanced_heap
was not specified.


*******************************************************************************
*** PLACEMENT SUMMARY
***

"A0":  place at address 0x0 { ro section .intvec };
"P1":  place in [from 0x0 to 0x3ff] |
                [from 0x410 to 0x9fff] { ro };
"P2":  place in [from 0x1fff'e000 to 0x1fff'ffff] |
                [from 0x2000'0000 to 0x2000'5fff] { rw, section .code_in_ram };
define block CSTACK with size = 2K, alignment = 8 { };
define block HEAP with size = 4K, alignment = 8 { };
"P4":  place in [from 0x1fff'e000 to 0x1fff'ffff] |
                [from 0x2000'0000 to 0x2000'5fff] {
          rw, block CSTACK, block HEAP };
"P6":  place in [from 0x400 to 0x40f] { section FlashConfig };

No sections matched the following patterns:

  ro section application_specific_ro  in "P3|P5"
  rw                                  in "P2|P4"
  rw                                  in "P2|P4"
  rw section application_specific_rw  in "P3|P5"
  section .code_in_ram                in "P2|P4"


  Section      Kind         Address   Size  Object
  -------      ----         -------   ----  ------
"A0":                                 0xc0
  .intvec      ro code          0x0   0xc0  startup_MKL46Z4.o [3]
                             - 0xc0   0xc0

"P1", part 1 of 2:                   0x1d0
  .text        ro code         0xc0  0x174  main.o [2]
  .text        ro code        0x234   0x24  startup_MKL46Z4.o [3]
  .text        ro code        0x258   0x1e  cmain.o [5]
  .text        ro code        0x276    0x4  low_level_init.o [4]
  .text        ro code        0x27a    0x8  exit.o [4]
  .text        ro code        0x282    0x2  startup_MKL46Z4.o [3]
  .text        ro code        0x284    0xa  cexit.o [5]
  .text        ro code        0x28e    0x2  startup_MKL46Z4.o [3]
                            - 0x290  0x1d0

"P6":                                 0x10
  FlashConfig  ro code        0x400   0x10  startup_MKL46Z4.o [3]
                            - 0x410   0x10

"P1", part 2 of 2:                    0xaa
  .text        ro code        0x410   0x14  exit.o [6]
  .text        ro code        0x424   0x1c  cstartup_M.o [5]
  .text        ro code        0x440    0xc  system_MKL46Z4.o [3]
  .text        ro code        0x44c    0x8  startup_MKL46Z4.o [3]
  .text        ro code        0x454    0x8  startup_MKL46Z4.o [3]
  .text        ro code        0x45c    0x8  startup_MKL46Z4.o [3]
  .text        ro code        0x464    0x8  startup_MKL46Z4.o [3]
  .text        ro code        0x46c    0x8  startup_MKL46Z4.o [3]
  .text        ro code        0x474    0x8  startup_MKL46Z4.o [3]
  .text        ro code        0x47c    0x8  startup_MKL46Z4.o [3]
  .text        ro code        0x484    0x8  startup_MKL46Z4.o [3]
  .text        ro code        0x48c    0x8  startup_MKL46Z4.o [3]
  .text        ro code        0x494    0x8  startup_MKL46Z4.o [3]
  .text        ro code        0x49c    0x8  startup_MKL46Z4.o [3]
  .text        ro code        0x4a4    0x8  startup_MKL46Z4.o [3]
  .text        ro code        0x4ac    0x8  startup_MKL46Z4.o [3]
  .text        ro code        0x4b4    0x2  startup_MKL46Z4.o [3]
  .text        ro code        0x4b6    0x2  startup_MKL46Z4.o [3]
  .text        ro code        0x4b8    0x2  startup_MKL46Z4.o [3]
                            - 0x4ba   0xaa

"P2|P4":                             0x800
  CSTACK                0x1fff'e000  0x800  <Block>
    CSTACK     uninit   0x1fff'e000  0x800  <Block tail>
                      - 0x1fff'e800  0x800

Unused ranges:

         From           To    Size
         ----           --    ----
        0x290        0x3ff   0x170
        0x4ba       0x9fff  0x9b46
  0x1fff'e800  0x1fff'ffff  0x1800
  0x2000'0000  0x2000'5fff  0x6000



*******************************************************************************
*** MODULE SUMMARY
***

    Module             ro code  rw data
    ------             -------  -------
command line/config:
    -----------------------------------
    Total:

E:\MCP\Mock\application\project\Debug\Obj\drivers: [1]
    -----------------------------------
    Total:

E:\MCP\Mock\application\project\Debug\Obj\source: [2]
    main.o                 372
    -----------------------------------
    Total:                 372

E:\MCP\Mock\application\project\Debug\Obj\startup: [3]
    startup_MKL46Z4.o      358
    system_MKL46Z4.o        12
    -----------------------------------
    Total:                 370

dl6M_tln.a: [4]
    exit.o                   8
    low_level_init.o         4
    -----------------------------------
    Total:                  12

rt6M_tl.a: [5]
    cexit.o                 10
    cmain.o                 30
    cstartup_M.o            28
    -----------------------------------
    Total:                  68

shb_l.a: [6]
    exit.o                  20
    -----------------------------------
    Total:                  20

    Linker created                2'048
---------------------------------------
    Grand Total:           842    2'048


*******************************************************************************
*** ENTRY LIST
***

Entry                     Address  Size  Type      Object
-----                     -------  ----  ----      ------
?main                       0x259        Code  Gb  cmain.o [5]
CSTACK$$Base          0x1fff'e000         --   Gb  - Linker created -
CSTACK$$Limit         0x1fff'e800         --   Gb  - Linker created -
PIT_Config                  0x10b  0x1c  Code  Lc  main.o [2]
PIT_EnableModule             0xc1  0x14  Code  Lc  main.o [2]
PIT_SetTimerPeriod           0xd5  0x12  Code  Lc  main.o [2]
PIT_StartTimer               0xe7  0x24  Code  Lc  main.o [2]
Region$$Table$$Base           0x0         --   Gb  - Linker created -
Region$$Table$$Limit          0x0         --   Gb  - Linker created -
SystemInit                  0x441   0x8  Code  Gb  system_MKL46Z4.o [3]
__Vectors                     0x0         --   Gb  startup_MKL46Z4.o [3]
__Vectors_End                0xc0        Data  Gb  startup_MKL46Z4.o [3]
__Vectors_Size {Abs}         0xc0         --   Gb  startup_MKL46Z4.o [3]
__cmain                     0x259        Code  Gb  cmain.o [5]
__exit                      0x411  0x14  Code  Gb  exit.o [6]
__iar_program_start         0x425        Code  Gb  cstartup_M.o [5]
__low_level_init            0x277   0x4  Code  Gb  low_level_init.o [4]
__vector_table                0x0        Data  Gb  startup_MKL46Z4.o [3]
__vector_table_0x1c          0x1c        Data  Gb  startup_MKL46Z4.o [3]
_call_main                  0x265        Code  Gb  cmain.o [5]
_exit                       0x285        Code  Gb  cexit.o [5]
exit                        0x27b   0x8  Code  Gb  exit.o [4]
main                        0x127  0xe0  Code  Gb  main.o [2]


[1] = E:\MCP\Mock\application\project\Debug\Obj\drivers
[2] = E:\MCP\Mock\application\project\Debug\Obj\source
[3] = E:\MCP\Mock\application\project\Debug\Obj\startup
[4] = dl6M_tln.a
[5] = rt6M_tl.a
[6] = shb_l.a

    842 bytes of readonly  code memory
  2'048 bytes of readwrite data memory

Errors: none
Warnings: none
