###############################################################################
#
# IAR ELF Linker V9.10.2.313/W64 for ARM                  04/Aug/2021  17:13:49
# Copyright 2007-2021 IAR Systems AB.
#
#    Output file  =  E:\MCP\Mock\bootloader\project\Debug\Exe\bootloader.out
#    Map file     =  E:\MCP\Mock\bootloader\project\Debug\List\bootloader.map
#    Command line =
#        -f E:\MCP\Mock\bootloader\project\Debug\Exe\bootloader.out.rsp
#        (E:\MCP\Mock\bootloader\project\Debug\Obj\drivers\Clock.o
#        E:\MCP\Mock\bootloader\project\Debug\Obj\drivers\Flash.o
#        E:\MCP\Mock\bootloader\project\Debug\Obj\source\main.o
#        E:\MCP\Mock\bootloader\project\Debug\Obj\drivers\queue.o
#        E:\MCP\Mock\bootloader\project\Debug\Obj\includes\srec.o
#        E:\MCP\Mock\bootloader\project\Debug\Obj\startup\startup_MKL46Z4.o
#        E:\MCP\Mock\bootloader\project\Debug\Obj\includes\std_lib.o
#        E:\MCP\Mock\bootloader\project\Debug\Obj\startup\system_MKL46Z4.o
#        E:\MCP\Mock\bootloader\project\Debug\Obj\drivers\UART0.o
#        --no_out_extension -o
#        E:\MCP\Mock\bootloader\project\Debug\Exe\bootloader.out --map
#        E:\MCP\Mock\bootloader\project\Debug\List\bootloader.map --config
#        E:\MCP\Mock\bootloader\project\..\MKL46Z256xxx4.icf --semihosting
#        --entry __iar_program_start --vfe --text_out locale)
#
###############################################################################

*******************************************************************************
*** RUNTIME MODEL ATTRIBUTES
***

CppFlavor       = *
__SystemLibrary = DLib
__dlib_version  = 6


*******************************************************************************
*** HEAP SELECTION
***

The basic heap was selected because some modules are built with
size limitations (and not runtime checking), and --advanced_heap
was not specified.


*******************************************************************************
*** PLACEMENT SUMMARY
***

"A0":  place at address 0x0 { ro section .intvec };
"P1":  place in [from 0x0 to 0x3ff] |
                [from 0x410 to 0x9fff] { ro };
"P2":  place in [from 0x1fff'e000 to 0x1fff'ffff] |
                [from 0x2000'0000 to 0x2000'5fff] { rw, section .code_in_ram };
define block CSTACK with size = 2K, alignment = 8 { };
define block HEAP with size = 4K, alignment = 8 { };
"P4":  place in [from 0x1fff'e000 to 0x1fff'ffff] |
                [from 0x2000'0000 to 0x2000'5fff] {
          rw, block CSTACK, block HEAP };
"P6":  place in [from 0x400 to 0x40f] { section FlashConfig };
initialize by copy { rw };

No sections matched the following patterns:

  ro section application_specific_ro  in "P3|P5"
  rw section application_specific_rw  in "P3|P5"
  section .code_in_ram                in "P2|P4"


  Section            Kind         Address    Size  Object
  -------            ----         -------    ----  ------
"A0":                                        0xc0
  .intvec            ro code          0x0    0xc0  startup_MKL46Z4.o [4]
                                   - 0xc0    0xc0

"P1", part 1 of 2:                          0x18c
  .text              ro code         0xc0    0x4c  std_lib.o [2]
  .text              ro code        0x10c     0x2  startup_MKL46Z4.o [4]
  .text              ro code        0x110     0x2  IntDivZer.o [6]
  .text              ro code        0x112     0x2  startup_MKL46Z4.o [4]
  .rodata            const          0x114    0x3c  main.o [3]
  Initializer bytes  const          0x150    0xfc  <for P2|P4 s0>
                                  - 0x24c   0x18c

"P6":                                        0x10
  FlashConfig        ro code        0x400    0x10  startup_MKL46Z4.o [4]
                                  - 0x410    0x10

"P1", part 2 of 2:                         0x10ea
  Veneer             ro code        0x410    0x10  - Linker created -
  Veneer             ro code        0x420    0x10  - Linker created -
  .text              ro code        0x430   0x6ac  main.o [3]
  .text              ro code        0xadc   0x3d4  UART0.o [1]
  .text              ro code        0xeb0   0x170  srec.o [2]
  .text              ro code       0x1020    0xec  Flash.o [1]
  .text              ro code       0x110c    0xae  I32DivModFast.o [6]
  .text              ro code       0x11ba    0x3c  zero_init3.o [6]
  .rodata            const         0x11f8    0x30  main.o [3]
  .rodata            const         0x1228    0x30  main.o [3]
  .text              ro code       0x1258    0x30  copy_init3.o [6]
  .rodata            const         0x1288    0x28  main.o [3]
  .text              ro code       0x12b0    0x28  data_init.o [6]
  .text              ro code       0x12d8    0x24  startup_MKL46Z4.o [4]
  .iar.init_table    const         0x12fc    0x24  - Linker created -
  .rodata            const         0x1320    0x20  main.o [3]
  .text              ro code       0x1340    0x1e  cmain.o [6]
  .text              ro code       0x135e     0x4  low_level_init.o [5]
  .text              ro code       0x1362     0x8  exit.o [5]
  .text              ro code       0x136a     0x2  startup_MKL46Z4.o [4]
  .text              ro code       0x136c     0xa  cexit.o [6]
  .text              ro code       0x1376     0x2  startup_MKL46Z4.o [4]
  .text              ro code       0x1378    0x14  exit.o [7]
  .rodata            const         0x138c    0x1c  main.o [3]
  .text              ro code       0x13a8    0x1c  cstartup_M.o [6]
  .rodata            const         0x13c4    0x18  main.o [3]
  .rodata            const         0x13dc    0x18  main.o [3]
  .rodata            const         0x13f4    0x18  main.o [3]
  .rodata            const         0x140c    0x18  main.o [3]
  .rodata            const         0x1424    0x18  main.o [3]
  .rodata            const         0x143c    0x14  main.o [3]
  .rodata            const         0x1450    0x14  main.o [3]
  .rodata            const         0x1464    0x14  main.o [3]
  .rodata            const         0x1478     0xc  main.o [3]
  .text              ro code       0x1484     0xc  system_MKL46Z4.o [4]
  .text              ro code       0x1490     0x8  startup_MKL46Z4.o [4]
  .text              ro code       0x1498     0x8  startup_MKL46Z4.o [4]
  .text              ro code       0x14a0     0x8  startup_MKL46Z4.o [4]
  .text              ro code       0x14a8     0x8  startup_MKL46Z4.o [4]
  .text              ro code       0x14b0     0x8  startup_MKL46Z4.o [4]
  .text              ro code       0x14b8     0x8  startup_MKL46Z4.o [4]
  .text              ro code       0x14c0     0x8  startup_MKL46Z4.o [4]
  .text              ro code       0x14c8     0x8  startup_MKL46Z4.o [4]
  .text              ro code       0x14d0     0x8  startup_MKL46Z4.o [4]
  .text              ro code       0x14d8     0x8  startup_MKL46Z4.o [4]
  .text              ro code       0x14e0     0x8  startup_MKL46Z4.o [4]
  .text              ro code       0x14e8     0x8  startup_MKL46Z4.o [4]
  .text              ro code       0x14f0     0x8  startup_MKL46Z4.o [4]
  .text              ro code       0x14f8     0x2  startup_MKL46Z4.o [4]
  .rodata            const         0x14fa     0x0  zero_init3.o [6]
  .rodata            const         0x14fa     0x0  copy_init3.o [6]
                                 - 0x14fa  0x10ea

"P2|P4", part 1 of 3:                        0xfc
  P2|P4 s0                    0x1fff'e000    0xfc  <Init block>
    .textrw          inited   0x1fff'e000    0x94  queue.o [1]
    .textrw          inited   0x1fff'e094    0x64  UART0.o [1]
    .data            inited   0x1fff'e0f8     0x1  main.o [3]
                            - 0x1fff'e0fc    0xfc

"P2|P4", part 2 of 3:                       0x310
  .bss               zero     0x1fff'e0fc   0x140  queue.o [1]
  .bss               zero     0x1fff'e300    0xc0  main.o [3]
  .bss               zero     0x1fff'e3c0    0x24  srec.o [2]
  .bss               zero     0x1fff'e3e4    0x14  Flash.o [1]
  .bss               zero     0x1fff'e3f8     0xc  main.o [3]
  .bss               zero     0x1fff'e404     0x4  srec.o [2]
  .bss               zero     0x1fff'e408     0x1  queue.o [1]
  .bss               zero     0x1fff'e409     0x1  queue.o [1]
  .bss               zero     0x1fff'e40a     0x1  queue.o [1]
  .bss               zero     0x1fff'e40b     0x1  UART0.o [1]
                            - 0x1fff'e40c   0x310

"P2|P4", part 3 of 3:                       0x800
  CSTACK                      0x1fff'e410   0x800  <Block>
    CSTACK           uninit   0x1fff'e410   0x800  <Block tail>
                            - 0x1fff'ec10   0x800

Unused ranges:

         From           To    Size
         ----           --    ----
        0x24c        0x3ff   0x1b4
       0x14fa       0x9fff  0x8b06
  0x1fff'e40c  0x1fff'e40f     0x4
  0x1fff'ec10  0x1fff'ffff  0x13f0
  0x2000'0000  0x2000'5fff  0x6000


*******************************************************************************
*** INIT TABLE
***

          Address      Size
          -------      ----
Zero (__iar_zero_init3)
    1 destination range, total size 0x310:
          0x1fff'e0fc  0x310

Copy (__iar_copy_init3)
    1 source range, total size 0xfc (101% of destination):
                0x150   0xfc
    1 destination range, total size 0xf9:
          0x1fff'e000   0xf9



*******************************************************************************
*** MODULE SUMMARY
***

    Module             ro code  rw code  ro data  rw data
    ------             -------  -------  -------  -------
command line/config:
    -----------------------------------------------------
    Total:

E:\MCP\Mock\bootloader\project\Debug\Obj\drivers: [1]
    Flash.o                236                         20
    UART0.o                980      100      100        1
    queue.o                         148      148      323
    -----------------------------------------------------
    Total:               1'216      248      248      344

E:\MCP\Mock\bootloader\project\Debug\Obj\includes: [2]
    srec.o                 368                         40
    std_lib.o               76
    -----------------------------------------------------
    Total:                 444                         40

E:\MCP\Mock\bootloader\project\Debug\Obj\source: [3]
    main.o               1'708               449      205
    -----------------------------------------------------
    Total:               1'708               449      205

E:\MCP\Mock\bootloader\project\Debug\Obj\startup: [4]
    startup_MKL46Z4.o      358
    system_MKL46Z4.o        12
    -----------------------------------------------------
    Total:                 370

dl6M_tln.a: [5]
    exit.o                   8
    low_level_init.o         4
    -----------------------------------------------------
    Total:                  12

rt6M_tl.a: [6]
    I32DivModFast.o        174
    IntDivZer.o              2
    cexit.o                 10
    cmain.o                 30
    copy_init3.o            48
    cstartup_M.o            28
    data_init.o             40
    zero_init3.o            60
    -----------------------------------------------------
    Total:                 392

shb_l.a: [7]
    exit.o                  20
    -----------------------------------------------------
    Total:                  20

    Gaps                     2                 2      196
    Linker created          32                39    2'048
---------------------------------------------------------
    Grand Total:         4'196      248      738    2'833


*******************************************************************************
*** ENTRY LIST
***

Entry                       Address   Size  Type      Object
-----                       -------   ----  ----      ------
.iar.init_table$$Base        0x12fc          --   Gb  - Linker created -
.iar.init_table$$Limit       0x1320          --   Gb  - Linker created -
?main                        0x1341         Code  Gb  cmain.o [6]
BackupApplication             0x935   0x58  Code  Gb  main.o [3]
Board_SwitchDeinit            0x557   0x24  Code  Lc  main.o [3]
Board_SwitchInit              0x509   0x4e  Code  Lc  main.o [3]
CSTACK$$Base            0x1fff'e410          --   Gb  - Linker created -
CSTACK$$Limit           0x1fff'ec10          --   Gb  - Linker created -
ChangeIRQHandler              0x799    0xc  Code  Gb  main.o [3]
CopyVectorTable               0x771   0x28  Code  Gb  main.o [3]
EraseFlashMemory              0x88b   0x22  Code  Gb  main.o [3]
ErrorReport                   0x7dd   0x28  Code  Gb  main.o [3]
FLASH_EraseSector            0x1021   0x32  Code  Gb  Flash.o [1]
FLASH_WriteLongWord          0x1053   0x52  Code  Gb  Flash.o [1]
Flash_CoppyToRam             0x10b7   0x20  Code  Lc  Flash.o [1]
Flash_TriggerCommand         0x10a5   0x12  Code  Lc  Flash.o [1]
GPIO_PinInit                  0x4e3   0x26  Code  Lc  main.o [3]
GPIO_WritePin                 0x4c3   0x20  Code  Lc  main.o [3]
GetResetHandler               0x72b   0x28  Code  Lc  main.o [3]
JumpToApplication             0x8ad   0x24  Code  Gb  main.o [3]
MoveVectorTable               0x753   0x12  Code  Gb  main.o [3]
NVIC_ClearAllPendingIRQ
                              0x457    0xa  Code  Lc  main.o [3]
NVIC_DisableAllIRQ            0x44d    0xa  Code  Lc  main.o [3]
NVIC_DisableIRQ               0x43f    0xe  Code  Lc  main.o [3]
NVIC_EnableIRQ                0x431    0xe  Code  Lc  main.o [3]
PORTC_PORTD_IRQHandler        0x9f5   0x1e  Code  Gb  main.o [3]
PORT_ClearInterruptFlag
                              0x495   0x10  Code  Lc  main.o [3]
PORT_ConfigInterrupt          0x4a5   0x1e  Code  Lc  main.o [3]
PORT_GetInterruptFlag         0x487    0xe  Code  Lc  main.o [3]
PORT_SetMux                   0x461   0x14  Code  Lc  main.o [3]
PORT_SetPull                  0x475   0x12  Code  Lc  main.o [3]
PackingLongwords              0x8d7   0x16  Code  Lc  main.o [3]
Region$$Table$$Base          0x12fc          --   Gb  - Linker created -
Region$$Table$$Limit         0x1320          --   Gb  - Linker created -
ResetBootModeState            0x8ed   0x26  Code  Gb  main.o [3]
RestoreBackupApp              0x995   0x58  Code  Gb  main.o [3]
RoutingController             0xa1d   0x74  Code  Gb  main.o [3]
SREC_GetAddressLen            0xeb1   0x38  Code  Lc  srec.o [2]
SREC_GetSrecInfo              0xfc1   0x52  Code  Gb  srec.o [2]
SetupUART                     0x7a5   0x38  Code  Gb  main.o [3]
SystemInit                   0x1485    0x8  Code  Gb  system_MKL46Z4.o [4]
UART0_ClearOverrunFlag        0x5d9    0xe  Code  Lc  main.o [3]
UART0_Deinit                  0xcc5   0x84  Code  Gb  UART0.o [1]
UART0_DisableRx               0x5b9    0xe  Code  Lc  main.o [3]
UART0_DisableRx               0xaeb    0xe  Code  Lc  UART0.o [1]
UART0_DisableTx               0xadd    0xe  Code  Lc  UART0.o [1]
UART0_EmptyTXData             0xaf9    0xc  Code  Lc  UART0.o [1]
UART0_EnableRx                0x5ab    0xe  Code  Lc  main.o [3]
UART0_EnableTx                0x59d    0xe  Code  Lc  main.o [3]
UART0_GetDefaultConfig        0xb05   0x2e  Code  Gb  UART0.o [1]
UART0_GetOverrunFlag          0x5c7   0x12  Code  Lc  main.o [3]
UART0_IRQHandlerInRAM   0x1fff'e095   0x64  Code  Gb  UART0.o [1]
UART0_IRQHandlerInRAM::s_index
                        0x1fff'e40b    0x1  Data  Lc  UART0.o [1]
UART0_Init                    0xb33  0x192  Code  Gb  UART0.o [1]
UART0_PutChar                 0xe55   0x12  Code  Gb  UART0.o [1]
UART0_PutString               0xe67   0x28  Code  Gb  UART0.o [1]
UART0_SelectSource            0x57b   0x22  Code  Lc  main.o [3]
UART0_SetBaudRate             0xe05   0x4c  Code  Gb  UART0.o [1]
UART_GetCoeffBaudrate         0xd49   0x96  Code  Lc  UART0.o [1]
WriteRecordToFlash            0x825   0x66  Code  Gb  main.o [3]
__JumpASM                     0x8d1    0x6  Code  Gb  main.o [3]
__Vectors                       0x0          --   Gb  startup_MKL46Z4.o [4]
__Vectors_End                  0xc0         Data  Gb  startup_MKL46Z4.o [4]
__Vectors_Size {Abs}           0xc0          --   Gb  startup_MKL46Z4.o [4]
__aeabi_idiv0                 0x111         Code  Gb  IntDivZer.o [6]
__aeabi_uidiv                0x110d         Code  Gb  I32DivModFast.o [6]
__aeabi_uidivmod             0x110d         Code  Gb  I32DivModFast.o [6]
__cmain                      0x1341         Code  Gb  cmain.o [6]
__exit                       0x1379   0x14  Code  Gb  exit.o [7]
__iar_copy_init3             0x1259   0x30  Code  Gb  copy_init3.o [6]
__iar_data_init3             0x12b1   0x28  Code  Gb  data_init.o [6]
__iar_program_start          0x13a9         Code  Gb  cstartup_M.o [6]
__iar_zero_init3             0x11bb   0x3c  Code  Gb  zero_init3.o [6]
__low_level_init             0x135f    0x4  Code  Gb  low_level_init.o [5]
__vector_table                  0x0         Data  Gb  startup_MKL46Z4.o [4]
__vector_table_0x1c            0x1c         Data  Gb  startup_MKL46Z4.o [4]
_call_main                   0x134d         Code  Gb  cmain.o [6]
_exit                        0x136d         Code  Gb  cexit.o [6]
exit                         0x1363    0x8  Code  Gb  exit.o [5]
g_Data                  0x1fff'e3c0   0x24  Data  Lc  srec.o [2]
g_ProgramMode           0x1fff'e0f8    0x1  Data  Gb  main.o [3]
g_TriggerCommandRam     0x1fff'e3e4   0x14  Data  Lc  Flash.o [1]
g_VectorsTableRam       0x1fff'e300   0xc0  Data  Gb  main.o [3]
g_srecInfo              0x1fff'e3f8    0xc  Data  Gb  main.o [3]
g_u32Address            0x1fff'e404    0x4  Data  Lc  srec.o [2]
g_u8Back                0x1fff'e408    0x1  Data  Lc  queue.o [1]
g_u8Front               0x1fff'e409    0x1  Data  Lc  queue.o [1]
g_u8Size                0x1fff'e40a    0x1  Data  Lc  queue.o [1]
hexToInt                       0xd9   0x34  Code  Gb  std_lib.o [2]
main                          0x5e7  0x144  Code  Gb  main.o [3]
queue                   0x1fff'e0fc  0x140  Data  Gb  queue.o [1]
queue_dequeue           0x1fff'e037   0x36  Code  Gb  queue.o [1]
queue_enqueue           0x1fff'e001   0x36  Code  Gb  queue.o [1]
queue_getBack           0x1fff'e083    0x6  Code  Gb  queue.o [1]
queue_getFront          0x1fff'e06d   0x16  Code  Gb  queue.o [1]
srec_VerifyByteCount          0xee9   0x2a  Code  Lc  srec.o [2]
srec_VerifyChecksumAndSaveInfo
                              0xf13   0xae  Code  Lc  srec.o [2]
strlen                         0xc1   0x18  Code  Gb  std_lib.o [2]


[1] = E:\MCP\Mock\bootloader\project\Debug\Obj\drivers
[2] = E:\MCP\Mock\bootloader\project\Debug\Obj\includes
[3] = E:\MCP\Mock\bootloader\project\Debug\Obj\source
[4] = E:\MCP\Mock\bootloader\project\Debug\Obj\startup
[5] = dl6M_tln.a
[6] = rt6M_tl.a
[7] = shb_l.a

  4'196 bytes of readonly  code memory
    248 bytes of readwrite code memory
    738 bytes of readonly  data memory
  2'833 bytes of readwrite data memory

Errors: none
Warnings: none
