###############################################################################
#
# IAR ELF Linker V9.10.2.313/W64 for ARM                  23/Jul/2021  17:01:01
# Copyright 2007-2021 IAR Systems AB.
#
#    Output file  =  E:\MCP\Mock\bootloader\project\Debug\Exe\bootloader.out
#    Map file     =  E:\MCP\Mock\bootloader\project\Debug\List\bootloader.map
#    Command line =
#        -f E:\MCP\Mock\bootloader\project\Debug\Exe\bootloader.out.rsp
#        (E:\MCP\Mock\bootloader\project\Debug\Obj\drivers\Clock.o
#        E:\MCP\Mock\bootloader\project\Debug\Obj\drivers\Flash.o
#        E:\MCP\Mock\bootloader\project\Debug\Obj\source\main.o
#        E:\MCP\Mock\bootloader\project\Debug\Obj\startup\startup_MKL46Z4.o
#        E:\MCP\Mock\bootloader\project\Debug\Obj\startup\system_MKL46Z4.o
#        E:\MCP\Mock\bootloader\project\Debug\Obj\drivers\UART0.o
#        --no_out_extension -o
#        E:\MCP\Mock\bootloader\project\Debug\Exe\bootloader.out --map
#        E:\MCP\Mock\bootloader\project\Debug\List\bootloader.map --config
#        E:\MCP\Mock\bootloader\project\..\MKL46Z256xxx4.icf --semihosting
#        --entry __iar_program_start --vfe --text_out locale)
#
###############################################################################

*******************************************************************************
*** RUNTIME MODEL ATTRIBUTES
***

CppFlavor       = *
__SystemLibrary = DLib
__dlib_version  = 6


*******************************************************************************
*** HEAP SELECTION
***

The basic heap was selected because some modules are built with
size limitations (and not runtime checking), and --advanced_heap
was not specified.


*******************************************************************************
*** PLACEMENT SUMMARY
***

"A0":  place at address 0x0 { ro section .intvec };
"P1":  place in [from 0x0 to 0x3ff] |
                [from 0x410 to 0x9fff] { ro };
"P2":  place in [from 0x1fff'e000 to 0x1fff'ffff] |
                [from 0x2000'0000 to 0x2000'5fff] { rw, section .code_in_ram };
define block CSTACK with size = 2K, alignment = 8 { };
define block HEAP with size = 4K, alignment = 8 { };
"P4":  place in [from 0x1fff'e000 to 0x1fff'ffff] |
                [from 0x2000'0000 to 0x2000'5fff] {
          rw, block CSTACK, block HEAP };
"P6":  place in [from 0x400 to 0x40f] { section FlashConfig };
initialize by copy { rw };

No sections matched the following patterns:

  ro section application_specific_ro  in "P3|P5"
  rw section application_specific_rw  in "P3|P5"
  section .code_in_ram                in "P2|P4"


  Section            Kind         Address   Size  Object
  -------            ----         -------   ----  ------
"A0":                                       0xc0
  .intvec            ro code          0x0   0xc0  startup_MKL46Z4.o [3]
                                   - 0xc0   0xc0

"P1", part 1 of 2:                         0x178
  Veneer             ro code         0xc0   0x10  - Linker created -
  Veneer             ro code         0xd0   0x10  - Linker created -
  .text              ro code         0xe0   0x44  Flash.o [1]
  .text              ro code        0x124   0x3c  zero_init3.o [5]
  .text              ro code        0x160   0x30  copy_init3.o [5]
  .text              ro code        0x190   0x28  data_init.o [5]
  .text              ro code        0x1b8   0x24  startup_MKL46Z4.o [3]
  Initializer bytes  const          0x1dc   0x5c  <for P2|P4 s0>
                                  - 0x238  0x178

"P6":                                       0x10
  FlashConfig        ro code        0x400   0x10  startup_MKL46Z4.o [3]
                                  - 0x410   0x10

"P1", part 2 of 2:                         0x2fe
  .text              ro code        0x410  0x1f8  main.o [2]
  .iar.init_table    const          0x608   0x24  - Linker created -
  .text              ro code        0x62c   0x1e  cmain.o [5]
  .text              ro code        0x64a    0x4  low_level_init.o [4]
  .text              ro code        0x64e    0x8  exit.o [4]
  .text              ro code        0x656    0x2  startup_MKL46Z4.o [3]
  .text              ro code        0x658    0xa  cexit.o [5]
  .text              ro code        0x662    0x2  startup_MKL46Z4.o [3]
  .text              ro code        0x664   0x14  exit.o [6]
  .text              ro code        0x678   0x1c  cstartup_M.o [5]
  .text              ro code        0x694    0xc  system_MKL46Z4.o [3]
  .text              ro code        0x6a0    0x8  startup_MKL46Z4.o [3]
  .text              ro code        0x6a8    0x8  startup_MKL46Z4.o [3]
  .text              ro code        0x6b0    0x8  startup_MKL46Z4.o [3]
  .text              ro code        0x6b8    0x8  startup_MKL46Z4.o [3]
  .text              ro code        0x6c0    0x8  startup_MKL46Z4.o [3]
  .text              ro code        0x6c8    0x8  startup_MKL46Z4.o [3]
  .text              ro code        0x6d0    0x8  startup_MKL46Z4.o [3]
  .text              ro code        0x6d8    0x8  startup_MKL46Z4.o [3]
  .text              ro code        0x6e0    0x8  startup_MKL46Z4.o [3]
  .text              ro code        0x6e8    0x8  startup_MKL46Z4.o [3]
  .text              ro code        0x6f0    0x8  startup_MKL46Z4.o [3]
  .text              ro code        0x6f8    0x8  startup_MKL46Z4.o [3]
  .text              ro code        0x700    0x8  startup_MKL46Z4.o [3]
  .text              ro code        0x708    0x2  startup_MKL46Z4.o [3]
  .text              ro code        0x70a    0x2  startup_MKL46Z4.o [3]
  .text              ro code        0x70c    0x2  startup_MKL46Z4.o [3]
  .rodata            const          0x70e    0x0  zero_init3.o [5]
  .rodata            const          0x70e    0x0  copy_init3.o [5]
                                  - 0x70e  0x2fe

"P2|P4", part 1 of 3:                       0x5c
  P2|P4 s0                    0x1fff'e000   0x5c  <Init block>
    .textrw          inited   0x1fff'e000   0x48  main.o [2]
    .textrw          inited   0x1fff'e048   0x14  Flash.o [1]
                            - 0x1fff'e05c   0x5c

"P2|P4", part 2 of 3:                      0x168
  .bss               zero     0x1fff'e100   0xc0  main.o [2]
  .bss               zero     0x1fff'e1c0    0x2  main.o [2]
                            - 0x1fff'e1c2  0x166

"P2|P4", part 3 of 3:                      0x800
  CSTACK                      0x1fff'e1c8  0x800  <Block>
    CSTACK           uninit   0x1fff'e1c8  0x800  <Block tail>
                            - 0x1fff'e9c8  0x800

Unused ranges:

         From           To    Size
         ----           --    ----
        0x238        0x3ff   0x1c8
        0x70e       0x9fff  0x98f2
  0x1fff'e1c4  0x1fff'e1c7     0x4
  0x1fff'e9c8  0x1fff'ffff  0x1638
  0x2000'0000  0x2000'5fff  0x6000


*******************************************************************************
*** INIT TABLE
***

          Address      Size
          -------      ----
Zero (__iar_zero_init3)
    1 destination range, total size 0xc2:
          0x1fff'e100  0xc2

Copy (__iar_copy_init3)
    1 source range, total size 0x5c:
                0x1dc  0x5c
    1 destination range, total size 0x5c:
          0x1fff'e000  0x5c



*******************************************************************************
*** MODULE SUMMARY
***

    Module             ro code  rw code  ro data  rw data
    ------             -------  -------  -------  -------
command line/config:
    -----------------------------------------------------
    Total:

E:\MCP\Mock\bootloader\project\Debug\Obj\drivers: [1]
    Flash.o                 68       20       20
    -----------------------------------------------------
    Total:                  68       20       20

E:\MCP\Mock\bootloader\project\Debug\Obj\source: [2]
    main.o                 504       72       72      194
    -----------------------------------------------------
    Total:                 504       72       72      194

E:\MCP\Mock\bootloader\project\Debug\Obj\startup: [3]
    startup_MKL46Z4.o      358
    system_MKL46Z4.o        12
    -----------------------------------------------------
    Total:                 370

dl6M_tln.a: [4]
    exit.o                   8
    low_level_init.o         4
    -----------------------------------------------------
    Total:                  12

rt6M_tl.a: [5]
    cexit.o                 10
    cmain.o                 30
    copy_init3.o            48
    cstartup_M.o            28
    data_init.o             40
    zero_init3.o            60
    -----------------------------------------------------
    Total:                 216

shb_l.a: [6]
    exit.o                  20
    -----------------------------------------------------
    Total:                  20

    Gaps                                              164
    Linker created          32                36    2'048
---------------------------------------------------------
    Grand Total:         1'222       92      128    2'406


*******************************************************************************
*** ENTRY LIST
***

Entry                       Address  Size  Type      Object
-----                       -------  ----  ----      ------
.iar.init_table$$Base         0x608         --   Gb  - Linker created -
.iar.init_table$$Limit        0x62c         --   Gb  - Linker created -
?main                         0x62d        Code  Gb  cmain.o [5]
Board_LedInit                 0x503  0x4e  Code  Lc  main.o [2]
CSTACK$$Base            0x1fff'e1c8         --   Gb  - Linker created -
CSTACK$$Limit           0x1fff'e9c8         --   Gb  - Linker created -
FLASH_EraseSector              0xe1  0x30  Code  Gb  Flash.o [1]
Flash_ExecuteCommand    0x1fff'e049   0xa  Code  Gb  Flash.o [1]
Flash_WaitCommandFinish
                        0x1fff'e053   0xa  Code  Gb  Flash.o [1]
GPIO_PinInit                  0x4dd  0x26  Code  Lc  main.o [2]
GPIO_WritePin                 0x4bd  0x20  Code  Lc  main.o [2]
NVIC_EnableIRQ                0x411   0xe  Code  Lc  main.o [2]
PIT_Config                    0x48d  0x1c  Code  Lc  main.o [2]
PIT_EnableInterrupt           0x445  0x24  Code  Lc  main.o [2]
PIT_EnableModule              0x41f  0x14  Code  Lc  main.o [2]
PIT_IRQHandler1         0x1fff'e001  0x48  Code  Gb  main.o [2]
PIT_IRQHandler1::counter
                        0x1fff'e1c0   0x2  Data  Lc  main.o [2]
PIT_SetTimerPeriod            0x433  0x12  Code  Lc  main.o [2]
PIT_StartTimer                0x469  0x24  Code  Lc  main.o [2]
PORT_SetMux                   0x4a9  0x14  Code  Lc  main.o [2]
Region$$Table$$Base           0x608         --   Gb  - Linker created -
Region$$Table$$Limit          0x62c         --   Gb  - Linker created -
SystemInit                    0x695   0x8  Code  Gb  system_MKL46Z4.o [3]
__Vectors                       0x0         --   Gb  startup_MKL46Z4.o [3]
__Vectors_End                  0xc0        Data  Gb  startup_MKL46Z4.o [3]
__Vectors_Size {Abs}           0xc0         --   Gb  startup_MKL46Z4.o [3]
__cmain                       0x62d        Code  Gb  cmain.o [5]
__exit                        0x665  0x14  Code  Gb  exit.o [6]
__iar_copy_init3              0x161  0x30  Code  Gb  copy_init3.o [5]
__iar_data_init3              0x191  0x28  Code  Gb  data_init.o [5]
__iar_program_start           0x679        Code  Gb  cstartup_M.o [5]
__iar_zero_init3              0x125  0x3c  Code  Gb  zero_init3.o [5]
__low_level_init              0x64b   0x4  Code  Gb  low_level_init.o [4]
__vector_table                  0x0        Data  Gb  startup_MKL46Z4.o [3]
__vector_table_0x1c            0x1c        Data  Gb  startup_MKL46Z4.o [3]
_call_main                    0x639        Code  Gb  cmain.o [5]
_exit                         0x659        Code  Gb  cexit.o [5]
exit                          0x64f   0x8  Code  Gb  exit.o [4]
g_VectorsTableRam       0x1fff'e100  0xc0  Data  Gb  main.o [2]
main                          0x551  0x84  Code  Gb  main.o [2]


[1] = E:\MCP\Mock\bootloader\project\Debug\Obj\drivers
[2] = E:\MCP\Mock\bootloader\project\Debug\Obj\source
[3] = E:\MCP\Mock\bootloader\project\Debug\Obj\startup
[4] = dl6M_tln.a
[5] = rt6M_tl.a
[6] = shb_l.a

  1'222 bytes of readonly  code memory
     92 bytes of readwrite code memory
    128 bytes of readonly  data memory
  2'406 bytes of readwrite data memory

Errors: none
Warnings: none
